{
    "Test full proteomegenerator3 pipeline": {
        "content": [
            13,
            null,
            [
                "bambu",
                "bambu/A549",
                "bambu/A549/2875b3066a_2875b3066a.rds",
                "bambu/A549/transcriptome_NDR_0.1",
                "bambu/A549/transcriptome_NDR_0.1/CPM_transcript.txt",
                "bambu/A549/transcriptome_NDR_0.1/bambu_assembly.log",
                "bambu/A549/transcriptome_NDR_0.1/counts_gene.txt",
                "bambu/A549/transcriptome_NDR_0.1/counts_transcript.txt",
                "bambu/A549/transcriptome_NDR_0.1/detected_transcripts.gtf",
                "bambu/A549/transcriptome_NDR_0.1/extended_annotations.gtf",
                "bambu/A549/transcriptome_NDR_0.1/fullLengthCounts_transcript.txt",
                "bambu/A549/transcriptome_NDR_0.1/se.RData",
                "bambu/A549/transcriptome_NDR_0.1/uniqueCounts_transcript.txt",
                "bambu/A549/transcriptome_NDR_0.1/versions.yml",
                "bambu/A549/versions.yml",
                "diamond",
                "diamond/A549.txt",
                "diamond/UP000005640.dmnd",
                "filter",
                "filter/A549.filtered.bam",
                "filter/A549.filtered.bam.bai",
                "gffread",
                "gffread/A549.fasta",
                "multiqc",
                "multiqc/multiqc_data",
                "multiqc/multiqc_data/multiqc.log",
                "multiqc/multiqc_data/multiqc_citations.txt",
                "multiqc/multiqc_data/multiqc_data.json",
                "multiqc/multiqc_data/multiqc_software_versions.txt",
                "multiqc/multiqc_data/multiqc_sources.txt",
                "multiqc/multiqc_report.html",
                "philosopher",
                "philosopher/2025-11-10-reviewed-isoforms-UP000005640.fas",
                "pipeline_info",
                "pipeline_info/proteomegenerator3_software_mqc_versions.yml",
                "proteome",
                "proteome/A549",
                "proteome/A549/proteins.fasta",
                "proteome/A549/versions.yml",
                "samtools",
                "samtools/SGNex_A549_directRNA_replicate5_run1_chr9_1_1000000.bam.bai",
                "transdecoder",
                "transdecoder/A549",
                "transdecoder/A549.fasta.transdecoder.bed",
                "transdecoder/A549.fasta.transdecoder.cds",
                "transdecoder/A549.fasta.transdecoder.gff3",
                "transdecoder/A549.fasta.transdecoder.pep",
                "transdecoder/A549/A549.fasta.transdecoder_dir",
                "transdecoder/A549/A549.fasta.transdecoder_dir/__checkpoints_longorfs",
                "transdecoder/A549/A549.fasta.transdecoder_dir/__checkpoints_longorfs/TD.longorfs.ok",
                "transdecoder/A549/A549.fasta.transdecoder_dir/__checkpoints_longorfs/base_freqs_file.ok",
                "transdecoder/A549/A549.fasta.transdecoder_dir/__checkpoints_longorfs/pipeliner.41.cmds",
                "transdecoder/A549/A549.fasta.transdecoder_dir/base_freqs.dat",
                "transdecoder/A549/A549.fasta.transdecoder_dir/longest_orfs.cds",
                "transdecoder/A549/A549.fasta.transdecoder_dir/longest_orfs.gff3",
                "transdecoder/A549/A549.fasta.transdecoder_dir/longest_orfs.pep"
            ],
            [
                "2875b3066a_2875b3066a.rds:md5,91d09b81ed10ad167d627045d53e1121",
                "CPM_transcript.txt:md5,b346d71fe600e3d7bd9c963cc261f64e",
                "bambu_assembly.log:md5,af437234d918c3850f2ab5262fdd5a61",
                "counts_gene.txt:md5,bf83183b802d9562f8f420e78b29159f",
                "counts_transcript.txt:md5,b7d5339a943b1552adc1efc260ed1a6e",
                "detected_transcripts.gtf:md5,caf0ba824e219854229385bd967456ed",
                "extended_annotations.gtf:md5,ad4b2eeccd4020e0440000cc8b70c568",
                "fullLengthCounts_transcript.txt:md5,5fcb17968e754a2d0089b79a30d683c6",
                "se.RData:md5,bc11a5046d098d57c22fbf3bd3717989",
                "uniqueCounts_transcript.txt:md5,080c96321cc57a04e1a3b0cfb15c9822",
                "versions.yml:md5,6d08634f19d988ea55155007c679579e",
                "versions.yml:md5,a9bcea0691bbac1e3096e96eceb8aaa2",
                "A549.txt:md5,14a93e25aca2f05b7416f7cebac39b4c",
                "UP000005640.dmnd:md5,6d4b4f2752c1291b2b8f7585840e1b96",
                "A549.filtered.bam:md5,0e49bb183cdfe3e3e9518a258714add6",
                "A549.filtered.bam.bai:md5,5c014f33a0d667ea2e9d826efb68ca0f",
                "A549.fasta:md5,c03dd33c2613e42fd5db592636830a0d",
                "multiqc_citations.txt:md5,4c806e63a283ec1b7e78cdae3a923d4f",
                "2025-11-10-reviewed-isoforms-UP000005640.fas:md5,08ee10cb0667c47b4f9fe70f3247a6f5",
                "proteins.fasta:md5,b3ee8977509a088ab368194b8added93",
                "versions.yml:md5,9240a4a2c73fc86d444dc8eeb902df6d",
                "SGNex_A549_directRNA_replicate5_run1_chr9_1_1000000.bam.bai:md5,5b504d824f2812a41429653c7bbb7502",
                "A549.fasta.transdecoder.bed:md5,acea07fc6c98ff64a4676dc5e46684e0",
                "A549.fasta.transdecoder.cds:md5,88b476c58e8badedbc84b161a64ce4b9",
                "A549.fasta.transdecoder.gff3:md5,7c99de1dcbc7ff5efec8e2fbf5d88ded",
                "A549.fasta.transdecoder.pep:md5,eb8ae70445f3b824ea223106f364f91a",
                "TD.longorfs.ok:md5,d41d8cd98f00b204e9800998ecf8427e",
                "base_freqs_file.ok:md5,d41d8cd98f00b204e9800998ecf8427e",
                "pipeliner.41.cmds:md5,85b5c3c2a5766d2d8f68c8f075696552",
                "base_freqs.dat:md5,f31ced9181e3e9a61ae3016f5f3ed12a",
                "longest_orfs.cds:md5,68c407903bd582e86133b294cf1a0eb3",
                "longest_orfs.gff3:md5,04fa2a0c0c68f6a1048e7fc05d11ab32",
                "longest_orfs.pep:md5,f66ea9bcfd8038af08b09022706ac7e1"
            ]
        ],
        "meta": {
            "nf-test": "0.9.2",
            "nextflow": "25.04.7"
        },
        "timestamp": "2025-11-10T15:58:27.424687382"
    }
}